// Jest Snapshot v1, https://goo.gl/fbAQLP

exports[`loads config correctly 1`] = `
"(()=>{var r={foo:\\"bar\\"},e=(typeof window==\\"undefined\\"?globalThis:window)||{},t=e._appConfig||r;(typeof e._appConfig==\\"undefined\\"||!Object.isFrozen(e._appConfig))&&(e._appConfig=t);var a=t;console.log(a);})();
"
`;

exports[`loads currentEnvironment 1`] = `
"(()=>{var o={foo:\\"bar\\"},e=(typeof window==\\"undefined\\"?globalThis:window)||{},r=e._appConfig||o;(typeof e._appConfig==\\"undefined\\"||!Object.isFrozen(e._appConfig))&&(e._appConfig=r);function t(){return\\"test\\"}console.log(t());})();
"
`;

exports[`loads validation function 1`] = `
"(()=>{var h={foo:\\"bar\\"},n=(typeof window==\\"undefined\\"?globalThis:window)||{},v=n._appConfig||h;(typeof n._appConfig==\\"undefined\\"||!Object.isFrozen(n._appConfig))&&(n._appConfig=v);function P(){let s={};return function(p){\\"use strict\\";p.exports=i,p.exports.default=i;var b={type:\\"object\\",additionalProperties:!1,properties:{foo:{type:\\"string\\"}},$schema:\\"http://json-schema.org/draft-07/schema#\\"};function i(t,o){\\"use strict\\";if(o)var a=o.instancePath,g=o.parentData,m=o.parentDataProperty,y=o.rootData;else var a=\\"\\",g=void 0,m=void 0,y=t;var e=null,r=0;if(t&&typeof t==\\"object\\"&&!Array.isArray(t)){for(var f in t)if(f!==\\"foo\\"){var c={instancePath:a,schemaPath:\\"#/additionalProperties\\",keyword:\\"additionalProperties\\",params:{additionalProperty:f},message:\\"must NOT have additional properties\\"};e===null?e=[c]:e.push(c),r++}if(t.foo!==void 0&&typeof t.foo!=\\"string\\"){var u={instancePath:a+\\"/foo\\",schemaPath:\\"#/properties/foo/type\\",keyword:\\"type\\",params:{type:\\"string\\"},message:\\"must be string\\"};e===null?e=[u]:e.push(u),r++}}else{var d={instancePath:a,schemaPath:\\"#/type\\",keyword:\\"type\\",params:{type:\\"object\\"},message:\\"must be object\\"};e===null?e=[d]:e.push(d),r++}return i.errors=e,r===0}}(s),s.exports}var l=P();l({foo:12});})();
"
`;
